
=== 0. PREFLIGHT ===
kernel: 6.18.39-gentoo-dist-bin   date: 2026-09-14T07:52:19Z
  $ helper landlock-abi
[ii] landlock-abi                   want=info  got=allow ALLOW 
  $ mkdir -p /home/qaidvoid/.local/state/errand/b2ph5u84a7sv/home/sweep-run/in-policy/sanity
[ok] sanity-in-mkdir                want=allow got=allow  
  $ sh -c echo x > '/home/qaidvoid/.local/state/errand/b2ph5u84a7sv/home/sweep-run/in-policy/sanity/f'
[ok] sanity-in-write                want=allow got=allow  
  $ /bin/true
[ii] sanity-execute-true            want=info  got=allow  

=== 1. FS operations on OUT (expected deny) ===
  $ mkdir -p /opt/d1
[ok] out-mkdir                      want=deny  got=deny   mkdir: cannot create directory ‘/opt/d1’: Permission denied
  $ touch /opt/f1
[ok] out-creat                      want=deny  got=deny   touch: cannot touch '/opt/f1': Permission denied
  $ sh -c echo x > '/opt/f1'
[ok] out-write                      want=deny  got=deny   sh: line 1: /opt/f1: Permission denied
  $ sh -c echo x >> '/opt/f1'
[ok] out-append                     want=deny  got=deny   sh: line 1: /opt/f1: Permission denied
  $ truncate -s 1 /opt/f1
[ok] out-truncate                   want=deny  got=deny   truncate: cannot open '/opt/f1' for writing: Permission denied
[ii] out-unlink                     want=info  got=skip  seed /opt/seedfile operator-side to enable
  $ cat /etc/passwd
[ii] out-read-etc-passwd            want=info  got=deny   cat: /etc/passwd: No such file or directory
  $ cat /etc/hostname
[ii] out-read-etc-hostname          want=info  got=deny   cat: /etc/hostname: No such file or directory
  $ cat /etc/shadow
[ok] out-read-shadow                want=deny  got=deny   cat: /etc/shadow: No such file or directory
  $ cat /etc/ssh/ssh_host_ed25519_key
[ok] out-read-ssh-hostkey           want=deny  got=deny   cat: /etc/ssh/ssh_host_ed25519_key: No such file or directory
  $ cat /root/.ssh/id_rsa
[ok] out-read-root-ssh              want=deny  got=deny   cat: /root/.ssh/id_rsa: No such file or directory

=== 2. Creation classes (in-policy sanity / out-of-policy deny) ===
  $ mkfifo /home/qaidvoid/.local/state/errand/b2ph5u84a7sv/home/sweep-run/in-policy/sanity/fifo
[ok] in-mkfifo                      want=allow got=allow  
  $ ln -sf /etc/hostname /home/qaidvoid/.local/state/errand/b2ph5u84a7sv/home/sweep-run/in-policy/sanity/lnk
[ok] in-symlink                     want=allow got=allow  
  $ sh -c cp /bin/true "$1/true" && "$1/true" && echo EXEC-OK sh /home/qaidvoid/.local/state/errand/b2ph5u84a7sv/home/sweep-run/in-policy
[ii] in-exec-home                   want=info  got=allow  EXEC-OK
[ii] out-symlink-read               want=info  got=skip  seed /opt/seedfile operator-side to enable
  $ ln /etc/hostname /home/qaidvoid/.local/state/errand/b2ph5u84a7sv/home/sweep-run/in-policy/sanity/hl
[ok] out-hardlink                   want=deny  got=deny   ln: failed to access '/etc/hostname': No such file or directory
  $ mv /home/qaidvoid/.local/state/errand/b2ph5u84a7sv/home/sweep-run/in-policy/sanity/f /opt/f
[ok] out-rename                     want=deny  got=deny   mv: cannot create regular file '/opt/f': Permission denied
[ii] in-btrfs-subvol                want=info  got=skip  no btrfs tool
[ii] out-btrfs-subvol               want=info  got=skip  no btrfs tool
[ii] out-btrfs-snap                 want=info  got=skip  no btrfs tool

=== 3. ioctl-driven operations (hook-coverage gaps) ===
  $ cp --reflink=always /home/qaidvoid/.local/state/errand/b2ph5u84a7sv/home/sweep-run/in-policy/sanity/f /opt/f
[ok] out-reflink                    want=deny  got=deny   cp: cannot create regular file '/opt/f': Permission denied
[ii] in-chattr-immutable            want=info  got=deny  FS_IOC_SETFLAGS refused
  $ swapon /home/qaidvoid/.local/state/errand/b2ph5u84a7sv/home/sweep-run/in-policy/sanity/swap
[ok] out-swapon                     want=deny  got=deny   swapon: /home/qaidvoid/.local/state/errand/b2ph5u84a7sv/home/sweep-run/in-policy/sanity/sw
  $ helper mknodopen /home/qaidvoid/.local/state/errand/b2ph5u84a7sv/home/sweep-run/in-policy/sanity/dev-null-clone
[ok] helper-mknod-open              want=deny  got=deny  DENY mknod errno=1
  $ helper byhandle /home/qaidvoid/.local/state/errand/b2ph5u84a7sv/home/sweep-run/in-policy/sanity/f
[ok] helper-open-byhandle           want=deny  got=deny  DENY n2h errno=20

=== 4. Mount & namespace (expected deny) ===
  $ mount --bind /home/qaidvoid/.local/state/errand/b2ph5u84a7sv/home/sweep-run/in-policy/sanity /opt
[ok] mnt-bind                       want=deny  got=deny          dmesg(1) may have more information after failed mount system call.
  $ sh -c mkdir -p "$1/mnt" && mount -t tmpfs none "$1/mnt" sh /home/qaidvoid/.local/state/errand/b2ph5u84a7sv/home/sweep-run/in-policy
[ok] mnt-tmpfs                      want=deny  got=deny          dmesg(1) may have more information after failed mount system call.
  $ sh -c mkdir -p "$1/p" && mount -t proc proc "$1/p" sh /home/qaidvoid/.local/state/errand/b2ph5u84a7sv/home/sweep-run/in-policy
[ok] mnt-proc                       want=deny  got=deny          dmesg(1) may have more information after failed mount system call.
  $ unshare -m true
[ok] ns-unshare-m                   want=deny  got=deny   unshare: unshare failed: Operation not permitted
  $ unshare -U -r true
[ok] ns-unshare-ur                  want=deny  got=deny   unshare: unshare failed: Operation not permitted
  $ unshare -n true
[ok] ns-unshare-net                 want=deny  got=deny   unshare: unshare failed: Operation not permitted
  $ sh -c cp /bin/true "$1/" 2>/dev/null; chroot "$1" /true sh /home/qaidvoid/.local/state/errand/b2ph5u84a7sv/home/sweep-run/in-policy
[ok] ns-chroot                      want=deny  got=deny   chroot: failed to run command ‘/true’: No such file or directory
  $ helper setns /proc/1/ns/mnt
[ok] helper-setns-mnt               want=deny  got=deny  DENY errno=1 Operation not permitted

=== 5. proc/sys & kernel interfaces (write-back = no host mutation) ===
patched.sh: line 97: /proc/sys/kernel/core_pattern: Permission denied
[ok] knob-core-pattern              want=deny  got=deny  write-back refused
patched.sh: line 97: /proc/sys/kernel/modprobe: Permission denied
[ok] knob-modprobe                  want=deny  got=deny  write-back refused
  $ sh -c head -c1 /proc/kcore
[ok] read-kcore                     want=deny  got=deny   head: cannot open '/proc/kcore' for reading: Permission denied
  $ head -c1 /proc/kallsyms
[ii] read-kallsyms                  want=info  got=allow  0
  $ cat /proc/1/environ
patched.sh: line 76: warning: command substitution: ignored null byte in input
[!!] read-init-env                  want=deny  got=allow  [REDACTED-init-env]
  $ cat /proc/1/cmdline
patched.sh: line 76: warning: command substitution: ignored null byte in input
[ii] read-init-cmdline              want=info  got=allow  pi
  $ sh -c grep Cap /proc/self/status
[ii] read-self-caps                 want=info  got=allow  CapAmb:	0000000000000000

=== 6. Kernel subsystem syscalls (defense-in-depth; override via --expect) ===
  $ helper bpf
[ok] ks-bpf                         want=deny  got=deny  DENY errno=1 Operation not permitted
  $ helper perf
[ok] ks-perf                        want=deny  got=deny  DENY errno=1 Operation not permitted
  $ helper uffd
[ok] ks-userfaultfd                 want=deny  got=deny  DENY errno=1 Operation not permitted
  $ helper uring
[!!] ks-io_uring                    want=deny  got=allow ALLOW io_uring_setup
  $ helper keyring
[ii] ks-keyring-add                 want=info  got=deny  DENY errno=1 Operation not permitted
  $ helper finitmod
[ok] ks-finit-module                want=deny  got=deny  DENY errno=1 Operation not permitted
  $ helper kexec
[ok] ks-kexec                       want=deny  got=deny  DENY errno=1 Operation not permitted

=== 7. Device nodes ===
  $ helper openw /dev/kmsg
[ok] dev-kmsg-open                  want=deny  got=deny  DENY errno=2 No such file or directory
  $ helper openw /dev/mem
[ok] dev-mem-open                   want=deny  got=deny  DENY errno=2 No such file or directory
  $ helper openw /dev/console
[ok] dev-console-open               want=deny  got=deny  DENY errno=2 No such file or directory
  $ helper openw /etc/ld.so.preload
[ok] dev-ldpreload-open             want=deny  got=deny  DENY errno=2 No such file or directory

=== 8. Process & IPC ===
  $ helper ptrace-self
[!!] ipc-ptrace-child               want=allow got=deny  DENY errno=1
  $ helper ptrace-init
[ok] ipc-ptrace-init                want=deny  got=deny  DENY errno=1 Operation not permitted
  $ kill -0 1
[ii] proc-kill0-init                want=info  got=allow  
  $ sh -c exec 3< /proc/1/ns/mnt
[!!] proc-1-ns-open                 want=deny  got=allow  
  $ helper abstract landscan-probe
[ii] net-abstract-bind              want=info  got=allow ALLOW abstract-ns-bind

=== 9. Privilege surface (informational) ===
[ii] priv-cap-bounding              want=info  got=allow 
  $ sh -c sudo -n true 2>&1
[ii] priv-sudo                      want=info  got=deny   sh: line 1: sudo: command not found
[ii] priv-setuid-count              want=info  got=allow 45 setuid binaries visible

=== 10. Resource limits (config: memory=4g cpus=2 pids=512) ===
  $ helper memhog 32
[!!] rsrc-memhog                    want=deny  got=allow ALLOW allocated-32MB-uncapped
[ii] rsrc-pids-ceiling              want=info  got=allow forked 600 before stall (pids.max=600) — compare vs config pids=512
[ii] rsrc-disk-fill                 want=info  got=allow 67108864 bytes (67 MB, 64 MiB) copied, 0.00726712 s, 9.2 GB/s (expect EDQUOT/ENOSPC if quota exists)

=== 11. Egress channel map (informational; config allows 80/443/8443) ===
[ii] net-tcp-80                     want=info  got=allow closed → canary.invalid:80
[ii] net-tcp-443                    want=info  got=allow closed → canary.invalid:443
[ii] net-tcp-8443                   want=info  got=allow closed → canary.invalid:8443
[ii] net-tcp-22                     want=info  got=allow closed → canary.invalid:22
[ii] net-tcp-9999                   want=info  got=allow closed → canary.invalid:9999
[ii] net-doh                        want=info  got=allow 400 DoH-over-443
[ii] net-metadata                   want=info  got=allow 000blocked cloud-metadata
[ii] net-dns-udp                    want=info  got=allow resolving arbitrary-DNS
[ii] net-local-2375                 want=info  got=allow closed localhost-daemon
[ii] net-local-2376                 want=info  got=allow closed localhost-daemon
[ii] net-local-8080                 want=info  got=allow closed localhost-daemon
[ii] net-local-9090                 want=info  got=allow closed localhost-daemon
  $ helper rawsock
[ok] net-rawsock                    want=deny  got=deny  DENY errno=1 Operation not permitted
  $ helper pktsock
[ok] net-pktsock                    want=deny  got=deny  DENY errno=1 Operation not permitted
  $ helper netlink
[ii] net-netlink-route              want=info  got=allow ALLOW route-table-dump(host-recon)

=== SUMMARY ===
checks: 81 · as-expected/info: 76 · UNEXPECTED:5
investigate: read-init-env ks-io_uring ipc-ptrace-child proc-1-ns-open rsrc-memhog
baseline written: v1.tsv
