
=== 0. PREFLIGHT ===
kernel: 6.18.39-gentoo-dist-bin   date: 2026-09-14T07:54:35Z
[ii] landlock-abi                   want=info  got=allow ALLOW 
[!!] sanity-in-mkdir                want=deny  got=allow  
[ok] sanity-in-write                want=allow got=allow  
[ii] sanity-execute-true            want=info  got=allow  

=== 1. FS operations on OUT (expected deny) ===
[ok] out-mkdir                      want=deny  got=deny   mkdir: cannot create directory ‘/opt/d1’: Permission denied
[ok] out-creat                      want=deny  got=deny   touch: cannot touch '/opt/f1': Permission denied
[ok] out-write                      want=deny  got=deny   sh: line 1: /opt/f1: Permission denied
[ok] out-append                     want=deny  got=deny   sh: line 1: /opt/f1: Permission denied
[ok] out-truncate                   want=deny  got=deny   truncate: cannot open '/opt/f1' for writing: Permission denied
[ii] out-unlink                     want=info  got=skip  seed /opt/seedfile operator-side to enable
[ii] out-read-etc-passwd            want=info  got=deny   cat: /etc/passwd: No such file or directory
[ii] out-read-etc-hostname          want=info  got=deny   cat: /etc/hostname: No such file or directory
[ok] out-read-shadow                want=deny  got=deny   cat: /etc/shadow: No such file or directory
[ok] out-read-ssh-hostkey           want=deny  got=deny   cat: /etc/ssh/ssh_host_ed25519_key: No such file or directory
[ok] out-read-root-ssh              want=deny  got=deny   cat: /root/.ssh/id_rsa: No such file or directory

=== 2. Creation classes (in-policy sanity / out-of-policy deny) ===
[!!] in-mkfifo                      want=allow got=deny   mkfifo: cannot create fifo '/home/qaidvoid/.local/state/errand/b2ph5u84a7sv/home/sweep-run
[ok] in-symlink                     want=allow got=allow  
[ii] in-exec-home                   want=info  got=allow  EXEC-OK
[ii] out-symlink-read               want=info  got=skip  seed /opt/seedfile operator-side to enable
[ok] out-hardlink                   want=deny  got=deny   ln: failed to access '/etc/hostname': No such file or directory
[ok] out-rename                     want=deny  got=deny   mv: cannot create regular file '/opt/f': Permission denied
[ii] in-btrfs-subvol                want=info  got=skip  no btrfs tool
[ii] out-btrfs-subvol               want=info  got=skip  no btrfs tool
[ii] out-btrfs-snap                 want=info  got=skip  no btrfs tool

=== 3. ioctl-driven operations (hook-coverage gaps) ===
[ok] out-reflink                    want=deny  got=deny   cp: cannot create regular file '/opt/f': Permission denied
[ii] in-chattr-immutable            want=info  got=deny  FS_IOC_SETFLAGS refused
[ok] out-swapon                     want=deny  got=deny   swapon: /home/qaidvoid/.local/state/errand/b2ph5u84a7sv/home/sweep-run/in-policy/sanity/sw
[ok] helper-mknod-open              want=deny  got=deny  DENY mknod errno=1
[ok] helper-open-byhandle           want=deny  got=deny  DENY n2h errno=20

=== 4. Mount & namespace (expected deny) ===
[ok] mnt-bind                       want=deny  got=deny          dmesg(1) may have more information after failed mount system call.
[ok] mnt-tmpfs                      want=deny  got=deny          dmesg(1) may have more information after failed mount system call.
[ok] mnt-proc                       want=deny  got=deny          dmesg(1) may have more information after failed mount system call.
[ok] ns-unshare-m                   want=deny  got=deny   unshare: unshare failed: Operation not permitted
[ok] ns-unshare-ur                  want=deny  got=deny   unshare: unshare failed: Operation not permitted
[ok] ns-unshare-net                 want=deny  got=deny   unshare: unshare failed: Operation not permitted
[ok] ns-chroot                      want=deny  got=deny   chroot: failed to run command ‘/true’: No such file or directory
[ok] helper-setns-mnt               want=deny  got=deny  DENY errno=1 Operation not permitted

=== 5. proc/sys & kernel interfaces (write-back = no host mutation) ===
patched.sh: line 97: /proc/sys/kernel/core_pattern: Permission denied
[ok] knob-core-pattern              want=deny  got=deny  write-back refused
patched.sh: line 97: /proc/sys/kernel/modprobe: Permission denied
[ok] knob-modprobe                  want=deny  got=deny  write-back refused
[ok] read-kcore                     want=deny  got=deny   head: cannot open '/proc/kcore' for reading: Permission denied
[ii] read-kallsyms                  want=info  got=allow  0
patched.sh: line 76: warning: command substitution: ignored null byte in input
[!!] read-init-env                  want=deny  got=allow  BAILEY_SANDBOX=1BAILEY_SANDBOX_NET=host[REDACTED-init-env]
patched.sh: line 76: warning: command substitution: ignored null byte in input
[ii] read-init-cmdline              want=info  got=allow  pi
[ii] read-self-caps                 want=info  got=allow  CapAmb:	0000000000000000

=== 6. Kernel subsystem syscalls (defense-in-depth; override via --expect) ===
[ok] ks-bpf                         want=deny  got=deny  DENY errno=1 Operation not permitted
[ok] ks-perf                        want=deny  got=deny  DENY errno=1 Operation not permitted
[ok] ks-userfaultfd                 want=deny  got=deny  DENY errno=1 Operation not permitted
[!!] ks-io_uring                    want=deny  got=allow ALLOW io_uring_setup
[ii] ks-keyring-add                 want=info  got=deny  DENY errno=1 Operation not permitted
[ok] ks-finit-module                want=deny  got=deny  DENY errno=1 Operation not permitted
[ok] ks-kexec                       want=deny  got=deny  DENY errno=1 Operation not permitted

=== 7. Device nodes ===
[ok] dev-kmsg-open                  want=deny  got=deny  DENY errno=2 No such file or directory
[ok] dev-mem-open                   want=deny  got=deny  DENY errno=2 No such file or directory
[ok] dev-console-open               want=deny  got=deny  DENY errno=2 No such file or directory
[ok] dev-ldpreload-open             want=deny  got=deny  DENY errno=2 No such file or directory

=== 8. Process & IPC ===
[ok] ipc-ptrace-child               want=deny  got=deny  DENY errno=1
[ok] ipc-ptrace-init                want=deny  got=deny  DENY errno=1 Operation not permitted
[ii] proc-kill0-init                want=info  got=allow  
[!!] proc-1-ns-open                 want=deny  got=allow  
[ii] net-abstract-bind              want=info  got=allow ALLOW abstract-ns-bind

=== 9. Privilege surface (informational) ===
[ii] priv-cap-bounding              want=info  got=allow 
[ii] priv-sudo                      want=info  got=deny   sh: line 1: sudo: command not found
[ii] priv-setuid-count              want=info  got=allow 45 setuid binaries visible

=== 10. Resource limits (config: memory=4g cpus=2 pids=512) ===
[!!] rsrc-memhog                    want=deny  got=allow ALLOW allocated-32MB-uncapped
[ii] rsrc-pids-ceiling              want=info  got=allow forked 600 before stall (pids.max=600) — compare vs config pids=512
[ii] rsrc-disk-fill                 want=info  got=allow 67108864 bytes (67 MB, 64 MiB) copied, 0.00715363 s, 9.4 GB/s (expect EDQUOT/ENOSPC if quota exists)

=== 11. Egress channel map (informational; config allows 80/443/8443) ===
[ii] net-tcp-80                     want=info  got=allow closed → canary.invalid:80
[ii] net-tcp-443                    want=info  got=allow closed → canary.invalid:443
[ii] net-tcp-8443                   want=info  got=allow closed → canary.invalid:8443
[ii] net-tcp-22                     want=info  got=allow closed → canary.invalid:22
[ii] net-tcp-9999                   want=info  got=allow closed → canary.invalid:9999
[ii] net-doh                        want=info  got=allow 400 DoH-over-443
[ii] net-metadata                   want=info  got=allow 000blocked cloud-metadata
[ii] net-dns-udp                    want=info  got=allow resolving arbitrary-DNS
[ii] net-local-2375                 want=info  got=allow closed localhost-daemon
[ii] net-local-2376                 want=info  got=allow closed localhost-daemon
[ii] net-local-8080                 want=info  got=allow closed localhost-daemon
[ii] net-local-9090                 want=info  got=allow closed localhost-daemon
[ok] net-rawsock                    want=deny  got=deny  DENY errno=1 Operation not permitted
[ok] net-pktsock                    want=deny  got=deny  DENY errno=1 Operation not permitted
[ii] net-netlink-route              want=info  got=allow ALLOW route-table-dump(host-recon)

=== SUMMARY ===
checks: 81 · as-expected/info: 75 · UNEXPECTED:6
investigate: sanity-in-mkdir in-mkfifo read-init-env ks-io_uring proc-1-ns-open rsrc-memhog
